<testsuites id="" name="" tests="2" failures="0" skipped="0" errors="1" time="79.510503">
<testsuite name="amazon-advanced.test.js" timestamp="2026-06-15T19:44:32.605Z" hostname="" tests="2" failures="0" skipped="0" time="77.501" errors="1">
<testcase name="Amazon.com Advanced E2E Tests › 02. SEARCH FOR PRODUCT &amp; VERIFY RESULTS" classname="amazon-advanced.test.js" time="8.883">
<system-out>
<![CDATA[
█ STEP: Searching for: "PlayStation 5 Console"

█ ✓ SUCCESS: Amazon home page loaded

█ → INFO: Search box found and visible
  → ASSERT: Entered search term: "PlayStation 5 Console"

█ → INFO: Search submitted
  → ASSERT: Search results URL: https://www.amazon.com/s?k=PlayStation+5+Console&ref=nb_sb_noss

█ ✓ SUCCESS: Search results page loaded
  → ASSERT: Found 17 search results

█ ✓ SUCCESS: Search results verified - 17 items found

█ ✓ SUCCESS: Relevant search results confirmed
]]>
</system-out>
</testcase>
<testcase name="Amazon.com Advanced E2E Tests › 03. NAVIGATE TO PRODUCT &amp; ADD TO CART" classname="amazon-advanced.test.js" time="68.618">
<system-out>
<![CDATA[
█ STEP: Searching for product: "Laptop"

█ ✓ SUCCESS: Search completed

█ ✗ ERROR: Product and cart test failed: locator.textContent: Target page, context or browser has been closed
Call log:
[2m  - waiting for locator('[data-component-type="s-search-result"]').first().locator('h2 a')[22m


[[ATTACHMENT|amazon-advanced-Amazon-com-bc410-GATE-TO-PRODUCT-ADD-TO-CART\video.webm]]

[[ATTACHMENT|amazon-advanced-Amazon-com-bc410-GATE-TO-PRODUCT-ADD-TO-CART\error-context.md]]

[[ATTACHMENT|amazon-advanced-Amazon-com-bc410-GATE-TO-PRODUCT-ADD-TO-CART\trace.zip]]
]]>
</system-out>
<error message="locator.textContent: Target page, context or browser has been closed" type="Error">
<![CDATA[  amazon-advanced.test.js:164:3 › Amazon.com Advanced E2E Tests › 03. NAVIGATE TO PRODUCT & ADD TO CART 

    Error: locator.textContent: Target page, context or browser has been closed
    Call log:
      - waiting for locator('[data-component-type="s-search-result"]').first().locator('h2 a')


      180 |       
      181 |       // Get product title before clicking
    > 182 |       const productTitle = await firstProduct.locator('h2 a').textContent();
          |                                                               ^
      183 |       log.assert(`First product title: ${productTitle?.trim().substring(0, 80)}...`);
      184 |
      185 |       // Click on product
        at C:\Playwright Automation\Amazon\amazon-playwright-test\src\tests\amazon-advanced.test.js:182:63

    attachment #1: video (video/webm) ──────────────────────────────────────────────────────────────
    ..\..\test-results\amazon-advanced-Amazon-com-bc410-GATE-TO-PRODUCT-ADD-TO-CART\video.webm
    ────────────────────────────────────────────────────────────────────────────────────────────────

    Error Context: ..\..\test-results\amazon-advanced-Amazon-com-bc410-GATE-TO-PRODUCT-ADD-TO-CART\error-context.md

    attachment #3: trace (application/zip) ─────────────────────────────────────────────────────────
    ..\..\test-results\amazon-advanced-Amazon-com-bc410-GATE-TO-PRODUCT-ADD-TO-CART\trace.zip
    Usage:

        npx playwright show-trace ..\..\test-results\amazon-advanced-Amazon-com-bc410-GATE-TO-PRODUCT-ADD-TO-CART\trace.zip

    ────────────────────────────────────────────────────────────────────────────────────────────────
]]>
</error>
</testcase>
</testsuite>
</testsuites>